
Allocating common symbols
Common symbol       size              file

VGA                 0xc               ..\obj\stm32_ub_shape_api.o
VGA_RAM1            0x12cf0           ..\obj\stm32_ub_shape_api.o
blinkData           0x280             ..\obj\stm32_ub_font_api.o

Discarded input sections

 .text          0x00000000        0x0 ..\obj\stm32_ub_shape_api.o
 .data          0x00000000        0x0 ..\obj\stm32_ub_shape_api.o
 .bss           0x00000000        0x0 ..\obj\stm32_ub_shape_api.o
 .text.draw_rectangle
                0x00000000       0x18 ..\obj\stm32_ub_shape_api.o
 .text.draw_triangle
                0x00000000       0x18 ..\obj\stm32_ub_shape_api.o
 .text.draw_ellips
                0x00000000       0x18 ..\obj\stm32_ub_shape_api.o
 .text          0x00000000        0x0 ..\obj\stm32f4xx_usart.o
 .data          0x00000000        0x0 ..\obj\stm32f4xx_usart.o
 .bss           0x00000000        0x0 ..\obj\stm32f4xx_usart.o
 .text.USART_DeInit
                0x00000000       0xd0 ..\obj\stm32f4xx_usart.o
 .text.USART_StructInit
                0x00000000       0x38 ..\obj\stm32f4xx_usart.o
 .text.USART_ClockInit
                0x00000000       0x54 ..\obj\stm32f4xx_usart.o
 .text.USART_ClockStructInit
                0x00000000       0x2c ..\obj\stm32f4xx_usart.o
 .text.USART_SetPrescaler
                0x00000000       0x38 ..\obj\stm32f4xx_usart.o
 .text.USART_OverSampling8Cmd
                0x00000000       0x44 ..\obj\stm32f4xx_usart.o
 .text.USART_OneBitMethodCmd
                0x00000000       0x40 ..\obj\stm32f4xx_usart.o
 .text.USART_SendData
                0x00000000       0x24 ..\obj\stm32f4xx_usart.o
 .text.USART_ReceiveData
                0x00000000       0x20 ..\obj\stm32f4xx_usart.o
 .text.USART_SetAddress
                0x00000000       0x38 ..\obj\stm32f4xx_usart.o
 .text.USART_ReceiverWakeUpCmd
                0x00000000       0x40 ..\obj\stm32f4xx_usart.o
 .text.USART_WakeUpConfig
                0x00000000       0x38 ..\obj\stm32f4xx_usart.o
 .text.USART_LINBreakDetectLengthConfig
                0x00000000       0x38 ..\obj\stm32f4xx_usart.o
 .text.USART_LINCmd
                0x00000000       0x40 ..\obj\stm32f4xx_usart.o
 .text.USART_SendBreak
                0x00000000       0x24 ..\obj\stm32f4xx_usart.o
 .text.USART_HalfDuplexCmd
                0x00000000       0x40 ..\obj\stm32f4xx_usart.o
 .text.USART_SetGuardTime
                0x00000000       0x3c ..\obj\stm32f4xx_usart.o
 .text.USART_SmartCardCmd
                0x00000000       0x40 ..\obj\stm32f4xx_usart.o
 .text.USART_SmartCardNACKCmd
                0x00000000       0x40 ..\obj\stm32f4xx_usart.o
 .text.USART_IrDAConfig
                0x00000000       0x38 ..\obj\stm32f4xx_usart.o
 .text.USART_IrDACmd
                0x00000000       0x40 ..\obj\stm32f4xx_usart.o
 .text.USART_DMACmd
                0x00000000       0x48 ..\obj\stm32f4xx_usart.o
 .text.USART_ITConfig
                0x00000000       0x90 ..\obj\stm32f4xx_usart.o
 .text.USART_GetFlagStatus
                0x00000000       0x38 ..\obj\stm32f4xx_usart.o
 .text.USART_ClearFlag
                0x00000000       0x20 ..\obj\stm32f4xx_usart.o
 .text.USART_GetITStatus
                0x00000000       0xb0 ..\obj\stm32f4xx_usart.o
 .text.USART_ClearITPendingBit
                0x00000000       0x38 ..\obj\stm32f4xx_usart.o
 .text          0x00000000        0x0 ..\obj\stm32_ub_pixel_api.o
 .data          0x00000000        0x0 ..\obj\stm32_ub_pixel_api.o
 .bss           0x00000000        0x0 ..\obj\stm32_ub_pixel_api.o
 .text.pixel_write
                0x00000000       0x18 ..\obj\stm32_ub_pixel_api.o
 .text.pixel_read
                0x00000000       0x18 ..\obj\stm32_ub_pixel_api.o
 .debug_info    0x00000000      0x1af ..\obj\stm32_ub_pixel_api.o
 .debug_abbrev  0x00000000       0xe4 ..\obj\stm32_ub_pixel_api.o
 .debug_aranges
                0x00000000       0x28 ..\obj\stm32_ub_pixel_api.o
 .debug_ranges  0x00000000       0x18 ..\obj\stm32_ub_pixel_api.o
 .debug_line    0x00000000      0x144 ..\obj\stm32_ub_pixel_api.o
 .debug_str     0x00000000      0x254 ..\obj\stm32_ub_pixel_api.o
 .comment       0x00000000       0x71 ..\obj\stm32_ub_pixel_api.o
 .ARM.attributes
                0x00000000       0x39 ..\obj\stm32_ub_pixel_api.o
 .debug_frame   0x00000000       0x48 ..\obj\stm32_ub_pixel_api.o
 .text          0x00000000        0x0 ..\obj\stm32_ub_font_api.o
 .data          0x00000000        0x0 ..\obj\stm32_ub_font_api.o
 .text          0x00000000        0x0 ..\obj\startup_stm32f4xx.o
 .data          0x00000000        0x0 ..\obj\startup_stm32f4xx.o
 .bss           0x00000000        0x0 ..\obj\startup_stm32f4xx.o
 .text          0x00000000        0x0 ..\obj\main.o
 .data          0x00000000        0x0 ..\obj\main.o
 .bss           0x00000000        0x0 ..\obj\main.o
 .text.UART_putchar
                0x00000000       0x30 ..\obj\main.o
 .text.UART_get
                0x00000000       0x30 ..\obj\main.o
 .text.UART_puts
                0x00000000       0x30 ..\obj\main.o
 .text          0x00000000        0x0 ..\obj\stm32f4xx_rcc.o
 .bss           0x00000000        0x0 ..\obj\stm32f4xx_rcc.o
 .text.RCC_DeInit
                0x00000000       0x50 ..\obj\stm32f4xx_rcc.o
 .text.RCC_HSEConfig
                0x00000000       0x24 ..\obj\stm32f4xx_rcc.o
 .text.RCC_WaitForHSEStartUp
                0x00000000       0x50 ..\obj\stm32f4xx_rcc.o
 .text.RCC_AdjustHSICalibrationValue
                0x00000000       0x3c ..\obj\stm32f4xx_rcc.o
 .text.RCC_HSICmd
                0x00000000       0x20 ..\obj\stm32f4xx_rcc.o
 .text.RCC_LSEConfig
                0x00000000       0x40 ..\obj\stm32f4xx_rcc.o
 .text.RCC_LSICmd
                0x00000000       0x20 ..\obj\stm32f4xx_rcc.o
 .text.RCC_PLLConfig
                0x00000000       0x3c ..\obj\stm32f4xx_rcc.o
 .text.RCC_PLLCmd
                0x00000000       0x20 ..\obj\stm32f4xx_rcc.o
 .text.RCC_PLLI2SConfig
                0x00000000       0x28 ..\obj\stm32f4xx_rcc.o
 .text.RCC_PLLI2SCmd
                0x00000000       0x20 ..\obj\stm32f4xx_rcc.o
 .text.RCC_ClockSecuritySystemCmd
                0x00000000       0x20 ..\obj\stm32f4xx_rcc.o
 .text.RCC_MCO1Config
                0x00000000       0x3c ..\obj\stm32f4xx_rcc.o
 .text.RCC_MCO2Config
                0x00000000       0x3c ..\obj\stm32f4xx_rcc.o
 .text.RCC_SYSCLKConfig
                0x00000000       0x38 ..\obj\stm32f4xx_rcc.o
 .text.RCC_GetSYSCLKSource
                0x00000000       0x20 ..\obj\stm32f4xx_rcc.o
 .text.RCC_HCLKConfig
                0x00000000       0x38 ..\obj\stm32f4xx_rcc.o
 .text.RCC_PCLK1Config
                0x00000000       0x38 ..\obj\stm32f4xx_rcc.o
 .text.RCC_PCLK2Config
                0x00000000       0x38 ..\obj\stm32f4xx_rcc.o
 .text.RCC_RTCCLKConfig
                0x00000000       0x5c ..\obj\stm32f4xx_rcc.o
 .text.RCC_RTCCLKCmd
                0x00000000       0x20 ..\obj\stm32f4xx_rcc.o
 .text.RCC_BackupResetCmd
                0x00000000       0x20 ..\obj\stm32f4xx_rcc.o
 .text.RCC_I2SCLKConfig
                0x00000000       0x1c ..\obj\stm32f4xx_rcc.o
 .text.RCC_AHB2PeriphClockCmd
                0x00000000       0x3c ..\obj\stm32f4xx_rcc.o
 .text.RCC_AHB3PeriphClockCmd
                0x00000000       0x3c ..\obj\stm32f4xx_rcc.o
 .text.RCC_AHB1PeriphResetCmd
                0x00000000       0x3c ..\obj\stm32f4xx_rcc.o
 .text.RCC_AHB2PeriphResetCmd
                0x00000000       0x3c ..\obj\stm32f4xx_rcc.o
 .text.RCC_AHB3PeriphResetCmd
                0x00000000       0x3c ..\obj\stm32f4xx_rcc.o
 .text.RCC_APB1PeriphResetCmd
                0x00000000       0x3c ..\obj\stm32f4xx_rcc.o
 .text.RCC_APB2PeriphResetCmd
                0x00000000       0x3c ..\obj\stm32f4xx_rcc.o
 .text.RCC_AHB1PeriphClockLPModeCmd
                0x00000000       0x3c ..\obj\stm32f4xx_rcc.o
 .text.RCC_AHB2PeriphClockLPModeCmd
                0x00000000       0x3c ..\obj\stm32f4xx_rcc.o
 .text.RCC_AHB3PeriphClockLPModeCmd
                0x00000000       0x3c ..\obj\stm32f4xx_rcc.o
 .text.RCC_APB1PeriphClockLPModeCmd
                0x00000000       0x3c ..\obj\stm32f4xx_rcc.o
 .text.RCC_APB2PeriphClockLPModeCmd
                0x00000000       0x3c ..\obj\stm32f4xx_rcc.o
 .text.RCC_ITConfig
                0x00000000       0x48 ..\obj\stm32f4xx_rcc.o
 .text.RCC_GetFlagStatus
                0x00000000       0x74 ..\obj\stm32f4xx_rcc.o
 .text.RCC_ClearFlag
                0x00000000       0x1c ..\obj\stm32f4xx_rcc.o
 .text.RCC_GetITStatus
                0x00000000       0x38 ..\obj\stm32f4xx_rcc.o
 .text.RCC_ClearITPendingBit
                0x00000000       0x20 ..\obj\stm32f4xx_rcc.o
 .text          0x00000000        0x0 ..\obj\stm32_ub_bitmap_api.o
 .data          0x00000000        0x0 ..\obj\stm32_ub_bitmap_api.o
 .bss           0x00000000        0x0 ..\obj\stm32_ub_bitmap_api.o
 .text          0x00000000        0x0 ..\obj\stm32f4xx_gpio.o
 .data          0x00000000        0x0 ..\obj\stm32f4xx_gpio.o
 .bss           0x00000000        0x0 ..\obj\stm32f4xx_gpio.o
 .text.GPIO_DeInit
                0x00000000      0x120 ..\obj\stm32f4xx_gpio.o
 .text.GPIO_StructInit
                0x00000000       0x34 ..\obj\stm32f4xx_gpio.o
 .text.GPIO_PinLockConfig
                0x00000000       0x44 ..\obj\stm32f4xx_gpio.o
 .text.GPIO_ReadInputDataBit
                0x00000000       0x34 ..\obj\stm32f4xx_gpio.o
 .text.GPIO_ReadInputData
                0x00000000       0x1c ..\obj\stm32f4xx_gpio.o
 .text.GPIO_ReadOutputDataBit
                0x00000000       0x34 ..\obj\stm32f4xx_gpio.o
 .text.GPIO_ReadOutputData
                0x00000000       0x1c ..\obj\stm32f4xx_gpio.o
 .text.GPIO_SetBits
                0x00000000       0x1c ..\obj\stm32f4xx_gpio.o
 .text.GPIO_ResetBits
                0x00000000       0x1c ..\obj\stm32f4xx_gpio.o
 .text.GPIO_WriteBit
                0x00000000       0x30 ..\obj\stm32f4xx_gpio.o
 .text.GPIO_Write
                0x00000000       0x1c ..\obj\stm32f4xx_gpio.o
 .text.GPIO_ToggleBits
                0x00000000       0x24 ..\obj\stm32f4xx_gpio.o
 .text          0x00000000        0x0 ..\obj\system_stm32f4xx.o
 .data          0x00000000       0x14 ..\obj\system_stm32f4xx.o
 .bss           0x00000000        0x0 ..\obj\system_stm32f4xx.o
 .text.SystemCoreClockUpdate
                0x00000000       0xf8 ..\obj\system_stm32f4xx.o
 .text          0x00000000        0x0 ..\obj\stm32f4xx_dma.o
 .data          0x00000000        0x0 ..\obj\stm32f4xx_dma.o
 .bss           0x00000000        0x0 ..\obj\stm32f4xx_dma.o
 .text.DMA_StructInit
                0x00000000       0x6c ..\obj\stm32f4xx_dma.o
 .text.DMA_PeriphIncOffsetSizeConfig
                0x00000000       0x34 ..\obj\stm32f4xx_dma.o
 .text.DMA_FlowControllerConfig
                0x00000000       0x34 ..\obj\stm32f4xx_dma.o
 .text.DMA_SetCurrDataCounter
                0x00000000       0x1c ..\obj\stm32f4xx_dma.o
 .text.DMA_GetCurrDataCounter
                0x00000000       0x1c ..\obj\stm32f4xx_dma.o
 .text.DMA_DoubleBufferModeConfig
                0x00000000       0x3c ..\obj\stm32f4xx_dma.o
 .text.DMA_DoubleBufferModeCmd
                0x00000000       0x38 ..\obj\stm32f4xx_dma.o
 .text.DMA_MemoryTargetConfig
                0x00000000       0x2c ..\obj\stm32f4xx_dma.o
 .text.DMA_GetCurrentMemoryTarget
                0x00000000       0x30 ..\obj\stm32f4xx_dma.o
 .text.DMA_GetCmdStatus
                0x00000000       0x30 ..\obj\stm32f4xx_dma.o
 .text.DMA_GetFIFOStatus
                0x00000000       0x24 ..\obj\stm32f4xx_dma.o
 .text.DMA_GetFlagStatus
                0x00000000       0x78 ..\obj\stm32f4xx_dma.o
 .text.DMA_ClearFlag
                0x00000000       0x5c ..\obj\stm32f4xx_dma.o
 .text          0x00000000        0x0 ..\obj\stm32_ub_vga_screen.o
 .data          0x00000000        0x0 ..\obj\stm32_ub_vga_screen.o
 .text          0x00000000        0x0 ..\obj\misc.o
 .data          0x00000000        0x0 ..\obj\misc.o
 .bss           0x00000000        0x0 ..\obj\misc.o
 .text.NVIC_PriorityGroupConfig
                0x00000000       0x24 ..\obj\misc.o
 .text.NVIC_SetVectorTable
                0x00000000       0x2c ..\obj\misc.o
 .text.NVIC_SystemLPConfig
                0x00000000       0x40 ..\obj\misc.o
 .text.SysTick_CLKSourceConfig
                0x00000000       0x38 ..\obj\misc.o
 .text          0x00000000        0x0 ..\obj\stm32f4xx_tim.o
 .data          0x00000000        0x0 ..\obj\stm32f4xx_tim.o
 .bss           0x00000000        0x0 ..\obj\stm32f4xx_tim.o
 .text.TIM_DeInit
                0x00000000      0x1bc ..\obj\stm32f4xx_tim.o
 .text.TIM_TimeBaseStructInit
                0x00000000       0x34 ..\obj\stm32f4xx_tim.o
 .text.TIM_PrescalerConfig
                0x00000000       0x28 ..\obj\stm32f4xx_tim.o
 .text.TIM_CounterModeConfig
                0x00000000       0x38 ..\obj\stm32f4xx_tim.o
 .text.TIM_SetCounter
                0x00000000       0x1c ..\obj\stm32f4xx_tim.o
 .text.TIM_SetAutoreload
                0x00000000       0x1c ..\obj\stm32f4xx_tim.o
 .text.TIM_GetCounter
                0x00000000       0x18 ..\obj\stm32f4xx_tim.o
 .text.TIM_GetPrescaler
                0x00000000       0x1c ..\obj\stm32f4xx_tim.o
 .text.TIM_UpdateDisableConfig
                0x00000000       0x40 ..\obj\stm32f4xx_tim.o
 .text.TIM_UpdateRequestConfig
                0x00000000       0x40 ..\obj\stm32f4xx_tim.o
 .text.TIM_SelectOnePulseMode
                0x00000000       0x38 ..\obj\stm32f4xx_tim.o
 .text.TIM_SetClockDivision
                0x00000000       0x38 ..\obj\stm32f4xx_tim.o
 .text.TIM_OC1Init
                0x00000000       0xf4 ..\obj\stm32f4xx_tim.o
 .text.TIM_OC2Init
                0x00000000      0x110 ..\obj\stm32f4xx_tim.o
 .text.TIM_OCStructInit
                0x00000000       0x44 ..\obj\stm32f4xx_tim.o
 .text.TIM_SelectOCxM
                0x00000000       0xac ..\obj\stm32f4xx_tim.o
 .text.TIM_SetCompare1
                0x00000000       0x1c ..\obj\stm32f4xx_tim.o
 .text.TIM_SetCompare2
                0x00000000       0x1c ..\obj\stm32f4xx_tim.o
 .text.TIM_SetCompare3
                0x00000000       0x1c ..\obj\stm32f4xx_tim.o
 .text.TIM_SetCompare4
                0x00000000       0x1c ..\obj\stm32f4xx_tim.o
 .text.TIM_ForcedOC1Config
                0x00000000       0x38 ..\obj\stm32f4xx_tim.o
 .text.TIM_ForcedOC2Config
                0x00000000       0x3c ..\obj\stm32f4xx_tim.o
 .text.TIM_ForcedOC3Config
                0x00000000       0x38 ..\obj\stm32f4xx_tim.o
 .text.TIM_ForcedOC4Config
                0x00000000       0x3c ..\obj\stm32f4xx_tim.o
 .text.TIM_OC1PreloadConfig
                0x00000000       0x38 ..\obj\stm32f4xx_tim.o
 .text.TIM_OC2PreloadConfig
                0x00000000       0x3c ..\obj\stm32f4xx_tim.o
 .text.TIM_OC1FastConfig
                0x00000000       0x38 ..\obj\stm32f4xx_tim.o
 .text.TIM_OC2FastConfig
                0x00000000       0x3c ..\obj\stm32f4xx_tim.o
 .text.TIM_OC3FastConfig
                0x00000000       0x38 ..\obj\stm32f4xx_tim.o
 .text.TIM_OC4FastConfig
                0x00000000       0x3c ..\obj\stm32f4xx_tim.o
 .text.TIM_ClearOC1Ref
                0x00000000       0x38 ..\obj\stm32f4xx_tim.o
 .text.TIM_ClearOC2Ref
                0x00000000       0x3c ..\obj\stm32f4xx_tim.o
 .text.TIM_ClearOC3Ref
                0x00000000       0x38 ..\obj\stm32f4xx_tim.o
 .text.TIM_ClearOC4Ref
                0x00000000       0x3c ..\obj\stm32f4xx_tim.o
 .text.TIM_OC1PolarityConfig
                0x00000000       0x38 ..\obj\stm32f4xx_tim.o
 .text.TIM_OC1NPolarityConfig
                0x00000000       0x38 ..\obj\stm32f4xx_tim.o
 .text.TIM_OC2PolarityConfig
                0x00000000       0x3c ..\obj\stm32f4xx_tim.o
 .text.TIM_OC2NPolarityConfig
                0x00000000       0x3c ..\obj\stm32f4xx_tim.o
 .text.TIM_OC3PolarityConfig
                0x00000000       0x3c ..\obj\stm32f4xx_tim.o
 .text.TIM_OC3NPolarityConfig
                0x00000000       0x3c ..\obj\stm32f4xx_tim.o
 .text.TIM_OC4PolarityConfig
                0x00000000       0x3c ..\obj\stm32f4xx_tim.o
 .text.TIM_CCxCmd
                0x00000000       0x54 ..\obj\stm32f4xx_tim.o
 .text.TIM_CCxNCmd
                0x00000000       0x54 ..\obj\stm32f4xx_tim.o
 .text.TIM_ICInit
                0x00000000       0xa8 ..\obj\stm32f4xx_tim.o
 .text.TIM_ICStructInit
                0x00000000       0x30 ..\obj\stm32f4xx_tim.o
 .text.TIM_PWMIConfig
                0x00000000       0xb8 ..\obj\stm32f4xx_tim.o
 .text.TIM_GetCapture1
                0x00000000       0x18 ..\obj\stm32f4xx_tim.o
 .text.TIM_GetCapture2
                0x00000000       0x18 ..\obj\stm32f4xx_tim.o
 .text.TIM_GetCapture3
                0x00000000       0x18 ..\obj\stm32f4xx_tim.o
 .text.TIM_GetCapture4
                0x00000000       0x18 ..\obj\stm32f4xx_tim.o
 .text.TIM_SetIC1Prescaler
                0x00000000       0x38 ..\obj\stm32f4xx_tim.o
 .text.TIM_SetIC2Prescaler
                0x00000000       0x3c ..\obj\stm32f4xx_tim.o
 .text.TIM_SetIC3Prescaler
                0x00000000       0x38 ..\obj\stm32f4xx_tim.o
 .text.TIM_SetIC4Prescaler
                0x00000000       0x3c ..\obj\stm32f4xx_tim.o
 .text.TIM_BDTRConfig
                0x00000000       0x50 ..\obj\stm32f4xx_tim.o
 .text.TIM_BDTRStructInit
                0x00000000       0x3c ..\obj\stm32f4xx_tim.o
 .text.TIM_CtrlPWMOutputs
                0x00000000       0x4c ..\obj\stm32f4xx_tim.o
 .text.TIM_SelectCOM
                0x00000000       0x40 ..\obj\stm32f4xx_tim.o
 .text.TIM_CCPreloadControl
                0x00000000       0x40 ..\obj\stm32f4xx_tim.o
 .text.TIM_GenerateEvent
                0x00000000       0x1c ..\obj\stm32f4xx_tim.o
 .text.TIM_GetFlagStatus
                0x00000000       0x38 ..\obj\stm32f4xx_tim.o
 .text.TIM_ClearFlag
                0x00000000       0x20 ..\obj\stm32f4xx_tim.o
 .text.TIM_GetITStatus
                0x00000000       0x54 ..\obj\stm32f4xx_tim.o
 .text.TIM_DMAConfig
                0x00000000       0x28 ..\obj\stm32f4xx_tim.o
 .text.TIM_SelectCCDMA
                0x00000000       0x40 ..\obj\stm32f4xx_tim.o
 .text.TIM_InternalClockConfig
                0x00000000       0x24 ..\obj\stm32f4xx_tim.o
 .text.TIM_ITRxExternalClockConfig
                0x00000000       0x2c ..\obj\stm32f4xx_tim.o
 .text.TIM_TIxExternalClockConfig
                0x00000000       0x54 ..\obj\stm32f4xx_tim.o
 .text.TIM_ETRClockMode1Config
                0x00000000       0x50 ..\obj\stm32f4xx_tim.o
 .text.TIM_ETRClockMode2Config
                0x00000000       0x30 ..\obj\stm32f4xx_tim.o
 .text.TIM_SelectInputTrigger
                0x00000000       0x38 ..\obj\stm32f4xx_tim.o
 .text.TIM_SelectOutputTrigger
                0x00000000       0x38 ..\obj\stm32f4xx_tim.o
 .text.TIM_SelectSlaveMode
                0x00000000       0x38 ..\obj\stm32f4xx_tim.o
 .text.TIM_SelectMasterSlaveMode
                0x00000000       0x38 ..\obj\stm32f4xx_tim.o
 .text.TIM_ETRConfig
                0x00000000       0x48 ..\obj\stm32f4xx_tim.o
 .text.TIM_EncoderInterfaceConfig
                0x00000000       0x8c ..\obj\stm32f4xx_tim.o
 .text.TIM_SelectHallSensor
                0x00000000       0x40 ..\obj\stm32f4xx_tim.o
 .text.TIM_RemapConfig
                0x00000000       0x20 ..\obj\stm32f4xx_tim.o
 .text.TI1_Config
                0x00000000       0x78 ..\obj\stm32f4xx_tim.o
 .text.TI2_Config
                0x00000000       0x8c ..\obj\stm32f4xx_tim.o
 .text.TI3_Config
                0x00000000       0x84 ..\obj\stm32f4xx_tim.o
 .text.TI4_Config
                0x00000000       0x90 ..\obj\stm32f4xx_tim.o

Memory Configuration

Name             Origin             Length             Attributes
rom              0x08000000         0x00100000         xr
ram              0x20000000         0x00020000         xrw
ram1             0x10000000         0x00010000         xrw
*default*        0x00000000         0xffffffff

Linker script and memory map

                0x20020000                _eram = 0x20020000

.text           0x08000000     0x796c
 *(.isr_vector)
 .isr_vector    0x08000000      0x188 ..\obj\startup_stm32f4xx.o
                0x08000000                g_pfnVectors
 *(.text*)
 .text.draw_line
                0x08000188      0x170 ..\obj\stm32_ub_shape_api.o
                0x08000188                draw_line
 .text.USART_Init
                0x080002f8      0x174 ..\obj\stm32f4xx_usart.o
                0x080002f8                USART_Init
 .text.USART_Cmd
                0x0800046c       0x40 ..\obj\stm32f4xx_usart.o
                0x0800046c                USART_Cmd
 .text.font_blink_poll
                0x080004ac      0x100 ..\obj\stm32_ub_font_api.o
                0x080004ac                font_blink_poll
 .text.font_write_string
                0x080005ac      0x280 ..\obj\stm32_ub_font_api.o
                0x080005ac                font_write_string
 .text.Default_Reset_Handler
                0x0800082c       0x6c ..\obj\startup_stm32f4xx.o
                0x0800082c                Default_Reset_Handler
                0x0800082c                Reset_Handler
 .text.Default_Handler
                0x08000898        0x8 ..\obj\startup_stm32f4xx.o
                0x08000898                RTC_Alarm_IRQHandler
                0x08000898                HASH_RNG_IRQHandler
                0x08000898                EXTI2_IRQHandler
                0x08000898                TIM8_CC_IRQHandler
                0x08000898                DebugMon_Handler
                0x08000898                TIM1_CC_IRQHandler
                0x08000898                HardFault_Handler
                0x08000898                DMA1_Stream5_IRQHandler
                0x08000898                SysTick_Handler
                0x08000898                PVD_IRQHandler
                0x08000898                SDIO_IRQHandler
                0x08000898                TAMP_STAMP_IRQHandler
                0x08000898                PendSV_Handler
                0x08000898                NMI_Handler
                0x08000898                CAN2_RX1_IRQHandler
                0x08000898                EXTI3_IRQHandler
                0x08000898                TIM8_TRG_COM_TIM14_IRQHandler
                0x08000898                TIM1_UP_TIM10_IRQHandler
                0x08000898                TIM8_UP_TIM13_IRQHandler
                0x08000898                I2C3_ER_IRQHandler
                0x08000898                EXTI0_IRQHandler
                0x08000898                I2C2_EV_IRQHandler
                0x08000898                DMA1_Stream2_IRQHandler
                0x08000898                CAN1_RX0_IRQHandler
                0x08000898                FPU_IRQHandler
                0x08000898                OTG_HS_WKUP_IRQHandler
                0x08000898                UsageFault_Handler
                0x08000898                CAN2_SCE_IRQHandler
                0x08000898                DMA2_Stream2_IRQHandler
                0x08000898                SPI1_IRQHandler
                0x08000898                TIM6_DAC_IRQHandler
                0x08000898                TIM1_BRK_TIM9_IRQHandler
                0x08000898                DCMI_IRQHandler
                0x08000898                CAN2_RX0_IRQHandler
                0x08000898                DMA2_Stream3_IRQHandler
                0x08000898                USART6_IRQHandler
                0x08000898                USART3_IRQHandler
                0x08000898                CRYP_IRQHandler
                0x08000898                CAN1_RX1_IRQHandler
                0x08000898                UART5_IRQHandler
                0x08000898                DMA2_Stream0_IRQHandler
                0x08000898                TIM4_IRQHandler
                0x08000898                I2C1_EV_IRQHandler
                0x08000898                DMA1_Stream6_IRQHandler
                0x08000898                DMA1_Stream1_IRQHandler
                0x08000898                UART4_IRQHandler
                0x08000898                TIM3_IRQHandler
                0x08000898                RCC_IRQHandler
                0x08000898                TIM8_BRK_TIM12_IRQHandler
                0x08000898                EXTI15_10_IRQHandler
                0x08000898                ADC_IRQHandler
                0x08000898                DMA1_Stream7_IRQHandler
                0x08000898                TIM7_IRQHandler
                0x08000898                CAN2_TX_IRQHandler
                0x08000898                TIM5_IRQHandler
                0x08000898                DMA2_Stream7_IRQHandler
                0x08000898                I2C3_EV_IRQHandler
                0x08000898                EXTI9_5_IRQHandler
                0x08000898                RTC_WKUP_IRQHandler
                0x08000898                ETH_WKUP_IRQHandler
                0x08000898                SPI2_IRQHandler
                0x08000898                OTG_HS_EP1_IN_IRQHandler
                0x08000898                MemManage_Handler
                0x08000898                DMA1_Stream0_IRQHandler
                0x08000898                CAN1_TX_IRQHandler
                0x08000898                SVC_Handler
                0x08000898                EXTI4_IRQHandler
                0x08000898                FSMC_IRQHandler
                0x08000898                ETH_IRQHandler
                0x08000898                OTG_HS_EP1_OUT_IRQHandler
                0x08000898                WWDG_IRQHandler
                0x08000898                OTG_FS_WKUP_IRQHandler
                0x08000898                TIM1_TRG_COM_TIM11_IRQHandler
                0x08000898                OTG_HS_IRQHandler
                0x08000898                EXTI1_IRQHandler
                0x08000898                USART2_IRQHandler
                0x08000898                I2C2_ER_IRQHandler
                0x08000898                DMA2_Stream1_IRQHandler
                0x08000898                CAN1_SCE_IRQHandler
                0x08000898                FLASH_IRQHandler
                0x08000898                DMA2_Stream4_IRQHandler
                0x08000898                BusFault_Handler
                0x08000898                USART1_IRQHandler
                0x08000898                OTG_FS_IRQHandler
                0x08000898                SPI3_IRQHandler
                0x08000898                DMA1_Stream4_IRQHandler
                0x08000898                I2C1_ER_IRQHandler
                0x08000898                DMA2_Stream6_IRQHandler
                0x08000898                DMA1_Stream3_IRQHandler
 .text.UART_init
                0x080008a0       0x88 ..\obj\main.o
                0x080008a0                UART_init
 .text.main     0x08000928      0x138 ..\obj\main.o
                0x08000928                main
 .text.RCC_GetClocksFreq
                0x08000a60      0x154 ..\obj\stm32f4xx_rcc.o
                0x08000a60                RCC_GetClocksFreq
 .text.RCC_AHB1PeriphClockCmd
                0x08000bb4       0x3c ..\obj\stm32f4xx_rcc.o
                0x08000bb4                RCC_AHB1PeriphClockCmd
 .text.RCC_APB1PeriphClockCmd
                0x08000bf0       0x3c ..\obj\stm32f4xx_rcc.o
                0x08000bf0                RCC_APB1PeriphClockCmd
 .text.RCC_APB2PeriphClockCmd
                0x08000c2c       0x3c ..\obj\stm32f4xx_rcc.o
                0x08000c2c                RCC_APB2PeriphClockCmd
 .text.draw_bmp
                0x08000c68      0x108 ..\obj\stm32_ub_bitmap_api.o
                0x08000c68                draw_bmp
 .text.GPIO_Init
                0x08000d70      0x11c ..\obj\stm32f4xx_gpio.o
                0x08000d70                GPIO_Init
 .text.GPIO_PinAFConfig
                0x08000e8c       0x8c ..\obj\stm32f4xx_gpio.o
                0x08000e8c                GPIO_PinAFConfig
 .text.SystemInit
                0x08000f18       0x58 ..\obj\system_stm32f4xx.o
                0x08000f18                SystemInit
 .text.SetSysClock
                0x08000f70       0xf4 ..\obj\system_stm32f4xx.o
 .text.DMA_DeInit
                0x08001064      0x1a4 ..\obj\stm32f4xx_dma.o
                0x08001064                DMA_DeInit
 .text.DMA_Init
                0x08001208       0xac ..\obj\stm32f4xx_dma.o
                0x08001208                DMA_Init
 .text.DMA_Cmd  0x080012b4       0x38 ..\obj\stm32f4xx_dma.o
                0x080012b4                DMA_Cmd
 .text.DMA_ITConfig
                0x080012ec       0x74 ..\obj\stm32f4xx_dma.o
                0x080012ec                DMA_ITConfig
 .text.DMA_GetITStatus
                0x08001360       0xb0 ..\obj\stm32f4xx_dma.o
                0x08001360                DMA_GetITStatus
 .text.DMA_ClearITPendingBit
                0x08001410       0x5c ..\obj\stm32f4xx_dma.o
                0x08001410                DMA_ClearITPendingBit
 .text.UB_VGA_Screen_Init
                0x0800146c       0x80 ..\obj\stm32_ub_vga_screen.o
                0x0800146c                UB_VGA_Screen_Init
 .text.UB_VGA_FillScreen
                0x080014ec       0x48 ..\obj\stm32_ub_vga_screen.o
                0x080014ec                UB_VGA_FillScreen
 .text.UB_VGA_SetPixel
                0x08001534       0x50 ..\obj\stm32_ub_vga_screen.o
                0x08001534                UB_VGA_SetPixel
 .text.P_VGA_InitIO
                0x08001584       0xa8 ..\obj\stm32_ub_vga_screen.o
                0x08001584                P_VGA_InitIO
 .text.P_VGA_InitTIM
                0x0800162c       0xc8 ..\obj\stm32_ub_vga_screen.o
                0x0800162c                P_VGA_InitTIM
 .text.P_VGA_InitINT
                0x080016f4       0x58 ..\obj\stm32_ub_vga_screen.o
                0x080016f4                P_VGA_InitINT
 .text.P_VGA_InitDMA
                0x0800174c       0x90 ..\obj\stm32_ub_vga_screen.o
                0x0800174c                P_VGA_InitDMA
 .text.SecTick  0x080017dc       0x28 ..\obj\stm32_ub_vga_screen.o
                0x080017dc                SecTick
 .text.TIM2_IRQHandler
                0x08001804       0xc8 ..\obj\stm32_ub_vga_screen.o
                0x08001804                TIM2_IRQHandler
 .text.DMA2_Stream5_IRQHandler
                0x080018cc       0x4c ..\obj\stm32_ub_vga_screen.o
                0x080018cc                DMA2_Stream5_IRQHandler
 .text.NVIC_Init
                0x08001918       0xbc ..\obj\misc.o
                0x08001918                NVIC_Init
 .text.TIM_TimeBaseInit
                0x080019d4       0xd4 ..\obj\stm32f4xx_tim.o
                0x080019d4                TIM_TimeBaseInit
 .text.TIM_ARRPreloadConfig
                0x08001aa8       0x40 ..\obj\stm32f4xx_tim.o
                0x08001aa8                TIM_ARRPreloadConfig
 .text.TIM_Cmd  0x08001ae8       0x40 ..\obj\stm32f4xx_tim.o
                0x08001ae8                TIM_Cmd
 .text.TIM_OC3Init
                0x08001b28      0x10c ..\obj\stm32f4xx_tim.o
                0x08001b28                TIM_OC3Init
 .text.TIM_OC4Init
                0x08001c34       0xcc ..\obj\stm32f4xx_tim.o
                0x08001c34                TIM_OC4Init
 .text.TIM_OC3PreloadConfig
                0x08001d00       0x38 ..\obj\stm32f4xx_tim.o
                0x08001d00                TIM_OC3PreloadConfig
 .text.TIM_OC4PreloadConfig
                0x08001d38       0x3c ..\obj\stm32f4xx_tim.o
                0x08001d38                TIM_OC4PreloadConfig
 .text.TIM_ITConfig
                0x08001d74       0x48 ..\obj\stm32f4xx_tim.o
                0x08001d74                TIM_ITConfig
 .text.TIM_ClearITPendingBit
                0x08001dbc       0x20 ..\obj\stm32f4xx_tim.o
                0x08001dbc                TIM_ClearITPendingBit
 .text.TIM_DMACmd
                0x08001ddc       0x48 ..\obj\stm32f4xx_tim.o
                0x08001ddc                TIM_DMACmd
 *(.init)
 *(.fini)
 *crtbegin.o(.ctors)
 *crtbegin?.o(.ctors)
 *(EXCLUDE_FILE(*crtend.o *crtend?.o) .ctors)
 *(SORT(.ctors.*))
 *(.ctors)
 *crtbegin.o(.dtors)
 *crtbegin?.o(.dtors)
 *(EXCLUDE_FILE(*crtend.o *crtend?.o) .dtors)
 *(SORT(.dtors.*))
 *(.dtors)
 *(.rodata*)
 .rodata        0x08001e24     0x23a0 ..\obj\stm32_ub_font_api.o
 .rodata        0x080041c4     0x37a8 ..\obj\stm32_ub_bitmap_api.o
 *(.eh_fram e*)

.glue_7         0x0800796c        0x0
 .glue_7        0x00000000        0x0 linker stubs

.glue_7t        0x0800796c        0x0
 .glue_7t       0x00000000        0x0 linker stubs

.vfp11_veneer   0x0800796c        0x0
 .vfp11_veneer  0x00000000        0x0 linker stubs

.v4_bx          0x0800796c        0x0
 .v4_bx         0x00000000        0x0 linker stubs

.iplt           0x0800796c        0x0
 .iplt          0x00000000        0x0 ..\obj\stm32_ub_shape_api.o

.rel.dyn        0x0800796c        0x0
 .rel.iplt      0x00000000        0x0 ..\obj\stm32_ub_shape_api.o

.ARM.extab
 *(.ARM.extab* .gnu.linkonce.armextab.*)
                0x0800796c                __exidx_start = .

.ARM.exidx
 *(.ARM.exidx* .gnu.linkonce.armexidx.*)
                0x0800796c                __exidx_end = .
                0x0800796c                __etext = .
                0x0800796c                _sidata = __etext

.data           0x20000000       0x10 load address 0x0800796c
                0x20000000                __data_start__ = .
                0x20000000                _sdata = __data_start__
 *(vtable)
 *(.data*)
 .data          0x20000000       0x10 ..\obj\stm32f4xx_rcc.o
                0x20000010                . = ALIGN (0x4)
                0x20000010                PROVIDE (__preinit_array_start, .)
 *(.preinit_array)
                0x20000010                PROVIDE (__preinit_array_end, .)
                0x20000010                . = ALIGN (0x4)
                0x20000010                PROVIDE (__init_array_start, .)
 *(SORT(.init_array.*))
 *(.init_array)
                0x20000010                PROVIDE (__init_array_end, .)
                0x20000010                . = ALIGN (0x4)
                0x20000010                PROVIDE (__fini_array_start, .)
 *(SORT(.fini_array.*))
 *(.fini_array)
                0x20000010                PROVIDE (__fini_array_end, .)
 *(.jcr*)
                0x20000010                . = ALIGN (0x4)
                0x20000010                __data_end__ = .
                0x20000010                _edata = __data_end__

.igot.plt       0x20000010        0x0 load address 0x0800797c
 .igot.plt      0x00000000        0x0 ..\obj\stm32_ub_shape_api.o

.bss            0x20000010    0x12f84 load address 0x0800797c
                0x20000010                . = ALIGN (0x4)
                0x20000010                __bss_start__ = .
                0x20000010                _sbss = __bss_start__
 *(.bss*)
 .bss           0x20000010        0x1 ..\obj\stm32_ub_font_api.o
                0x20000010                blinkDataCounter
 *fill*         0x20000011        0x3 
 .bss           0x20000014        0x4 ..\obj\stm32_ub_vga_screen.o
                0x20000014                InterruptCounter
 *(COMMON)
 COMMON         0x20000018    0x12cfc ..\obj\stm32_ub_shape_api.o
                0x20000018                VGA
                0x20000024                VGA_RAM1
 COMMON         0x20012d14      0x280 ..\obj\stm32_ub_font_api.o
                0x20012d14                blinkData
                0x20012f94                . = ALIGN (0x4)
                0x20012f94                __bss_end__ = .
                0x20012f94                _ebss = __bss_end__

.heap           0x20012f94        0x0
                0x20012f94                __end__ = .
                0x20012f94                _end = __end__
                0x20012f94                end = __end__
 *(.heap*)
                0x20012f94                __HeapLimit = .

.co_stack       0x20012f94      0x804 load address 0x0801a900
                0x20012f98                . = ALIGN (0x8)
 *fill*         0x20012f94        0x4 
 *(.co_stack .co_stack.*)
 .co_stack      0x20012f98      0x800 ..\obj\startup_stm32f4xx.o
                0x20012f98                pulStack
                0x20020000                __StackTop = (ORIGIN (ram) + 0x20000)
                0x2001f7fc                __StackLimit = (__StackTop - SIZEOF (.co_stack))
                0x20020000                PROVIDE (__stack, __StackTop)
                0x00000001                ASSERT ((__StackLimit >= __HeapLimit), region ram  overflowed with stack)
LOAD ..\obj\stm32_ub_shape_api.o
LOAD ..\obj\stm32f4xx_usart.o
LOAD ..\obj\stm32_ub_pixel_api.o
LOAD ..\obj\stm32_ub_font_api.o
LOAD ..\obj\startup_stm32f4xx.o
LOAD ..\obj\main.o
LOAD ..\obj\stm32f4xx_rcc.o
LOAD ..\obj\stm32_ub_bitmap_api.o
LOAD ..\obj\stm32f4xx_gpio.o
LOAD ..\obj\system_stm32f4xx.o
LOAD ..\obj\stm32f4xx_dma.o
LOAD ..\obj\stm32_ub_vga_screen.o
LOAD ..\obj\misc.o
LOAD ..\obj\stm32f4xx_tim.o
LOAD c:/coocox/toolchain/bin/../lib/gcc/arm-none-eabi/4.8.3/../../../../arm-none-eabi/lib/armv7e-m/fpu\libm.a
START GROUP
LOAD c:/coocox/toolchain/bin/../lib/gcc/arm-none-eabi/4.8.3/armv7e-m/fpu\libgcc.a
LOAD c:/coocox/toolchain/bin/../lib/gcc/arm-none-eabi/4.8.3/../../../../arm-none-eabi/lib/armv7e-m/fpu\libg.a
LOAD c:/coocox/toolchain/bin/../lib/gcc/arm-none-eabi/4.8.3/../../../../arm-none-eabi/lib/armv7e-m/fpu\libc.a
END GROUP
OUTPUT(VGA_Core.elf elf32-littlearm)

.debug_info     0x00000000     0x6533
 .debug_info    0x00000000      0x379 ..\obj\stm32_ub_shape_api.o
 .debug_info    0x00000379      0x996 ..\obj\stm32f4xx_usart.o
 .debug_info    0x00000d0f      0x3f4 ..\obj\stm32_ub_font_api.o
 .debug_info    0x00001103       0xed ..\obj\startup_stm32f4xx.o
 .debug_info    0x000011f0      0x5ac ..\obj\main.o
 .debug_info    0x0000179c      0xc21 ..\obj\stm32f4xx_rcc.o
 .debug_info    0x000023bd      0x2de ..\obj\stm32_ub_bitmap_api.o
 .debug_info    0x0000269b      0x5d6 ..\obj\stm32f4xx_gpio.o
 .debug_info    0x00002c71      0x566 ..\obj\system_stm32f4xx.o
 .debug_info    0x000031d7      0x718 ..\obj\stm32f4xx_dma.o
 .debug_info    0x000038ef      0xaf3 ..\obj\stm32_ub_vga_screen.o
 .debug_info    0x000043e2      0x51c ..\obj\misc.o
 .debug_info    0x000048fe     0x1c35 ..\obj\stm32f4xx_tim.o

.debug_abbrev   0x00000000     0x1210
 .debug_abbrev  0x00000000      0x114 ..\obj\stm32_ub_shape_api.o
 .debug_abbrev  0x00000114      0x155 ..\obj\stm32f4xx_usart.o
 .debug_abbrev  0x00000269      0x176 ..\obj\stm32_ub_font_api.o
 .debug_abbrev  0x000003df       0xb0 ..\obj\startup_stm32f4xx.o
 .debug_abbrev  0x0000048f      0x181 ..\obj\main.o
 .debug_abbrev  0x00000610      0x1e3 ..\obj\stm32f4xx_rcc.o
 .debug_abbrev  0x000007f3      0x133 ..\obj\stm32_ub_bitmap_api.o
 .debug_abbrev  0x00000926      0x1a3 ..\obj\stm32f4xx_gpio.o
 .debug_abbrev  0x00000ac9      0x136 ..\obj\system_stm32f4xx.o
 .debug_abbrev  0x00000bff      0x155 ..\obj\stm32f4xx_dma.o
 .debug_abbrev  0x00000d54      0x1f0 ..\obj\stm32_ub_vga_screen.o
 .debug_abbrev  0x00000f44      0x145 ..\obj\misc.o
 .debug_abbrev  0x00001089      0x187 ..\obj\stm32f4xx_tim.o

.debug_aranges  0x00000000      0x868
 .debug_aranges
                0x00000000       0x38 ..\obj\stm32_ub_shape_api.o
 .debug_aranges
                0x00000038      0x100 ..\obj\stm32f4xx_usart.o
 .debug_aranges
                0x00000138       0x28 ..\obj\stm32_ub_font_api.o
 .debug_aranges
                0x00000160       0x28 ..\obj\startup_stm32f4xx.o
 .debug_aranges
                0x00000188       0x40 ..\obj\main.o
 .debug_aranges
                0x000001c8      0x178 ..\obj\stm32f4xx_rcc.o
 .debug_aranges
                0x00000340       0x20 ..\obj\stm32_ub_bitmap_api.o
 .debug_aranges
                0x00000360       0x88 ..\obj\stm32f4xx_gpio.o
 .debug_aranges
                0x000003e8       0x30 ..\obj\system_stm32f4xx.o
 .debug_aranges
                0x00000418       0xb0 ..\obj\stm32f4xx_dma.o
 .debug_aranges
                0x000004c8       0x68 ..\obj\stm32_ub_vga_screen.o
 .debug_aranges
                0x00000530       0x40 ..\obj\misc.o
 .debug_aranges
                0x00000570      0x2f8 ..\obj\stm32f4xx_tim.o

.debug_ranges   0x00000000      0x798
 .debug_ranges  0x00000000       0x28 ..\obj\stm32_ub_shape_api.o
 .debug_ranges  0x00000028       0xf0 ..\obj\stm32f4xx_usart.o
 .debug_ranges  0x00000118       0x18 ..\obj\stm32_ub_font_api.o
 .debug_ranges  0x00000130       0x18 ..\obj\startup_stm32f4xx.o
 .debug_ranges  0x00000148       0x30 ..\obj\main.o
 .debug_ranges  0x00000178      0x168 ..\obj\stm32f4xx_rcc.o
 .debug_ranges  0x000002e0       0x10 ..\obj\stm32_ub_bitmap_api.o
 .debug_ranges  0x000002f0       0x78 ..\obj\stm32f4xx_gpio.o
 .debug_ranges  0x00000368       0x20 ..\obj\system_stm32f4xx.o
 .debug_ranges  0x00000388       0xa0 ..\obj\stm32f4xx_dma.o
 .debug_ranges  0x00000428       0x58 ..\obj\stm32_ub_vga_screen.o
 .debug_ranges  0x00000480       0x30 ..\obj\misc.o
 .debug_ranges  0x000004b0      0x2e8 ..\obj\stm32f4xx_tim.o

.debug_line     0x00000000     0x2831
 .debug_line    0x00000000      0x1a8 ..\obj\stm32_ub_shape_api.o
 .debug_line    0x000001a8      0x42d ..\obj\stm32f4xx_usart.o
 .debug_line    0x000005d5      0x1e9 ..\obj\stm32_ub_font_api.o
 .debug_line    0x000007be       0xa5 ..\obj\startup_stm32f4xx.o
 .debug_line    0x00000863      0x26d ..\obj\main.o
 .debug_line    0x00000ad0      0x525 ..\obj\stm32f4xx_rcc.o
 .debug_line    0x00000ff5      0x1a7 ..\obj\stm32_ub_bitmap_api.o
 .debug_line    0x0000119c      0x2ca ..\obj\stm32f4xx_gpio.o
 .debug_line    0x00001466      0x16c ..\obj\system_stm32f4xx.o
 .debug_line    0x000015d2      0x367 ..\obj\stm32f4xx_dma.o
 .debug_line    0x00001939      0x338 ..\obj\stm32_ub_vga_screen.o
 .debug_line    0x00001c71      0x1d0 ..\obj\misc.o
 .debug_line    0x00001e41      0x9f0 ..\obj\stm32f4xx_tim.o

.debug_str      0x00000000     0x2c7c
 .debug_str     0x00000000      0x276 ..\obj\stm32_ub_shape_api.o
                                0x2be (size before relaxing)
 .debug_str     0x00000276      0x50b ..\obj\stm32f4xx_usart.o
                                0x68b (size before relaxing)
 .debug_str     0x00000781      0x170 ..\obj\stm32_ub_font_api.o
                                0x36c (size before relaxing)
 .debug_str     0x000008f1       0xb3 ..\obj\startup_stm32f4xx.o
                                0x16d (size before relaxing)
 .debug_str     0x000009a4      0x28c ..\obj\main.o
                                0x592 (size before relaxing)
 .debug_str     0x00000c30      0x5e6 ..\obj\stm32f4xx_rcc.o
                                0x84c (size before relaxing)
 .debug_str     0x00001216       0x6e ..\obj\stm32_ub_bitmap_api.o
                                0x2fc (size before relaxing)
 .debug_str     0x00001284      0x1a1 ..\obj\stm32f4xx_gpio.o
                                0x49f (size before relaxing)
 .debug_str     0x00001425      0x11b ..\obj\system_stm32f4xx.o
                                0x3a6 (size before relaxing)
 .debug_str     0x00001540      0x39a ..\obj\stm32f4xx_dma.o
                                0x548 (size before relaxing)
 .debug_str     0x000018da      0x83d ..\obj\stm32_ub_vga_screen.o
                                0xd4e (size before relaxing)
 .debug_str     0x00002117      0x164 ..\obj\misc.o
                                0x3d5 (size before relaxing)
 .debug_str     0x0000227b      0xa01 ..\obj\stm32f4xx_tim.o
                                0xdcc (size before relaxing)

.comment        0x00000000       0x70
 .comment       0x00000000       0x70 ..\obj\stm32_ub_shape_api.o
                                 0x71 (size before relaxing)
 .comment       0x00000000       0x71 ..\obj\stm32f4xx_usart.o
 .comment       0x00000000       0x71 ..\obj\stm32_ub_font_api.o
 .comment       0x00000000       0x71 ..\obj\startup_stm32f4xx.o
 .comment       0x00000000       0x71 ..\obj\main.o
 .comment       0x00000000       0x71 ..\obj\stm32f4xx_rcc.o
 .comment       0x00000000       0x71 ..\obj\stm32_ub_bitmap_api.o
 .comment       0x00000000       0x71 ..\obj\stm32f4xx_gpio.o
 .comment       0x00000000       0x71 ..\obj\system_stm32f4xx.o
 .comment       0x00000000       0x71 ..\obj\stm32f4xx_dma.o
 .comment       0x00000000       0x71 ..\obj\stm32_ub_vga_screen.o
 .comment       0x00000000       0x71 ..\obj\misc.o
 .comment       0x00000000       0x71 ..\obj\stm32f4xx_tim.o

.ARM.attributes
                0x00000000       0x39
 .ARM.attributes
                0x00000000       0x39 ..\obj\stm32_ub_shape_api.o
 .ARM.attributes
                0x00000039       0x39 ..\obj\stm32f4xx_usart.o
 .ARM.attributes
                0x00000072       0x39 ..\obj\stm32_ub_font_api.o
 .ARM.attributes
                0x000000ab       0x39 ..\obj\startup_stm32f4xx.o
 .ARM.attributes
                0x000000e4       0x39 ..\obj\main.o
 .ARM.attributes
                0x0000011d       0x39 ..\obj\stm32f4xx_rcc.o
 .ARM.attributes
                0x00000156       0x39 ..\obj\stm32_ub_bitmap_api.o
 .ARM.attributes
                0x0000018f       0x39 ..\obj\stm32f4xx_gpio.o
 .ARM.attributes
                0x000001c8       0x39 ..\obj\system_stm32f4xx.o
 .ARM.attributes
                0x00000201       0x39 ..\obj\stm32f4xx_dma.o
 .ARM.attributes
                0x0000023a       0x39 ..\obj\stm32_ub_vga_screen.o
 .ARM.attributes
                0x00000273       0x39 ..\obj\misc.o
 .ARM.attributes
                0x000002ac       0x39 ..\obj\stm32f4xx_tim.o

.debug_frame    0x00000000     0x1a54
 .debug_frame   0x00000000       0x84 ..\obj\stm32_ub_shape_api.o
 .debug_frame   0x00000084      0x344 ..\obj\stm32f4xx_usart.o
 .debug_frame   0x000003c8       0x54 ..\obj\stm32_ub_font_api.o
 .debug_frame   0x0000041c       0x48 ..\obj\startup_stm32f4xx.o
 .debug_frame   0x00000464       0xb0 ..\obj\main.o
 .debug_frame   0x00000514      0x4d8 ..\obj\stm32f4xx_rcc.o
 .debug_frame   0x000009ec       0x30 ..\obj\stm32_ub_bitmap_api.o
 .debug_frame   0x00000a1c      0x19c ..\obj\stm32f4xx_gpio.o
 .debug_frame   0x00000bb8       0x64 ..\obj\system_stm32f4xx.o
 .debug_frame   0x00000c1c      0x224 ..\obj\stm32f4xx_dma.o
 .debug_frame   0x00000e40      0x13c ..\obj\stm32_ub_vga_screen.o
 .debug_frame   0x00000f7c       0x9c ..\obj\misc.o
 .debug_frame   0x00001018      0xa3c ..\obj\stm32f4xx_tim.o
